Archive member included to satisfy reference by file (symbol)

c:/st/stm32cubeide_1.7.0/stm32cubeide/plugins/com.st.stm32cube.ide.mcu.externaltools.gnu-tools-for-stm32.9-2020-q2-update.win32_2.0.0.202105311346/tools/bin/../lib/gcc/arm-none-eabi/9.3.1/../../../../arm-none-eabi/lib/thumb/v7-m/nofp\libc_nano.a(lib_a-errno.o)
                              ./Core/Src/syscalls.o (__errno)
c:/st/stm32cubeide_1.7.0/stm32cubeide/plugins/com.st.stm32cube.ide.mcu.externaltools.gnu-tools-for-stm32.9-2020-q2-update.win32_2.0.0.202105311346/tools/bin/../lib/gcc/arm-none-eabi/9.3.1/../../../../arm-none-eabi/lib/thumb/v7-m/nofp\libc_nano.a(lib_a-exit.o)
                              c:/st/stm32cubeide_1.7.0/stm32cubeide/plugins/com.st.stm32cube.ide.mcu.externaltools.gnu-tools-for-stm32.9-2020-q2-update.win32_2.0.0.202105311346/tools/bin/../lib/gcc/arm-none-eabi/9.3.1/../../../../arm-none-eabi/lib/thumb/v7-m/nofp/crt0.o (exit)
c:/st/stm32cubeide_1.7.0/stm32cubeide/plugins/com.st.stm32cube.ide.mcu.externaltools.gnu-tools-for-stm32.9-2020-q2-update.win32_2.0.0.202105311346/tools/bin/../lib/gcc/arm-none-eabi/9.3.1/../../../../arm-none-eabi/lib/thumb/v7-m/nofp\libc_nano.a(lib_a-impure.o)
                              c:/st/stm32cubeide_1.7.0/stm32cubeide/plugins/com.st.stm32cube.ide.mcu.externaltools.gnu-tools-for-stm32.9-2020-q2-update.win32_2.0.0.202105311346/tools/bin/../lib/gcc/arm-none-eabi/9.3.1/../../../../arm-none-eabi/lib/thumb/v7-m/nofp\libc_nano.a(lib_a-exit.o) (_global_impure_ptr)
c:/st/stm32cubeide_1.7.0/stm32cubeide/plugins/com.st.stm32cube.ide.mcu.externaltools.gnu-tools-for-stm32.9-2020-q2-update.win32_2.0.0.202105311346/tools/bin/../lib/gcc/arm-none-eabi/9.3.1/../../../../arm-none-eabi/lib/thumb/v7-m/nofp\libc_nano.a(lib_a-init.o)
                              c:/st/stm32cubeide_1.7.0/stm32cubeide/plugins/com.st.stm32cube.ide.mcu.externaltools.gnu-tools-for-stm32.9-2020-q2-update.win32_2.0.0.202105311346/tools/bin/../lib/gcc/arm-none-eabi/9.3.1/../../../../arm-none-eabi/lib/thumb/v7-m/nofp/crt0.o (__libc_init_array)
c:/st/stm32cubeide_1.7.0/stm32cubeide/plugins/com.st.stm32cube.ide.mcu.externaltools.gnu-tools-for-stm32.9-2020-q2-update.win32_2.0.0.202105311346/tools/bin/../lib/gcc/arm-none-eabi/9.3.1/../../../../arm-none-eabi/lib/thumb/v7-m/nofp\libc_nano.a(lib_a-memset.o)
                              c:/st/stm32cubeide_1.7.0/stm32cubeide/plugins/com.st.stm32cube.ide.mcu.externaltools.gnu-tools-for-stm32.9-2020-q2-update.win32_2.0.0.202105311346/tools/bin/../lib/gcc/arm-none-eabi/9.3.1/../../../../arm-none-eabi/lib/thumb/v7-m/nofp/crt0.o (memset)

Allocating common symbols
Common symbol       size              file

uwTick              0x4               ./Drivers/STM32F1xx_HAL_Driver/Src/stm32f1xx_hal.o
pFlash              0x20              ./Drivers/STM32F1xx_HAL_Driver/Src/stm32f1xx_hal_flash.o
htim2               0x48              ./Core/Src/main.o

Discarded input sections

 .text          0x0000000000000000        0x0 c:/st/stm32cubeide_1.7.0/stm32cubeide/plugins/com.st.stm32cube.ide.mcu.externaltools.gnu-tools-for-stm32.9-2020-q2-update.win32_2.0.0.202105311346/tools/bin/../lib/gcc/arm-none-eabi/9.3.1/thumb/v7-m/nofp/crti.o
 .data          0x0000000000000000        0x0 c:/st/stm32cubeide_1.7.0/stm32cubeide/plugins/com.st.stm32cube.ide.mcu.externaltools.gnu-tools-for-stm32.9-2020-q2-update.win32_2.0.0.202105311346/tools/bin/../lib/gcc/arm-none-eabi/9.3.1/thumb/v7-m/nofp/crti.o
 .bss           0x0000000000000000        0x0 c:/st/stm32cubeide_1.7.0/stm32cubeide/plugins/com.st.stm32cube.ide.mcu.externaltools.gnu-tools-for-stm32.9-2020-q2-update.win32_2.0.0.202105311346/tools/bin/../lib/gcc/arm-none-eabi/9.3.1/thumb/v7-m/nofp/crti.o
 .data          0x0000000000000000        0x4 c:/st/stm32cubeide_1.7.0/stm32cubeide/plugins/com.st.stm32cube.ide.mcu.externaltools.gnu-tools-for-stm32.9-2020-q2-update.win32_2.0.0.202105311346/tools/bin/../lib/gcc/arm-none-eabi/9.3.1/thumb/v7-m/nofp/crtbegin.o
 .text          0x0000000000000000       0x7c c:/st/stm32cubeide_1.7.0/stm32cubeide/plugins/com.st.stm32cube.ide.mcu.externaltools.gnu-tools-for-stm32.9-2020-q2-update.win32_2.0.0.202105311346/tools/bin/../lib/gcc/arm-none-eabi/9.3.1/../../../../arm-none-eabi/lib/thumb/v7-m/nofp/crt0.o
 .data          0x0000000000000000        0x0 c:/st/stm32cubeide_1.7.0/stm32cubeide/plugins/com.st.stm32cube.ide.mcu.externaltools.gnu-tools-for-stm32.9-2020-q2-update.win32_2.0.0.202105311346/tools/bin/../lib/gcc/arm-none-eabi/9.3.1/../../../../arm-none-eabi/lib/thumb/v7-m/nofp/crt0.o
 .bss           0x0000000000000000        0x0 c:/st/stm32cubeide_1.7.0/stm32cubeide/plugins/com.st.stm32cube.ide.mcu.externaltools.gnu-tools-for-stm32.9-2020-q2-update.win32_2.0.0.202105311346/tools/bin/../lib/gcc/arm-none-eabi/9.3.1/../../../../arm-none-eabi/lib/thumb/v7-m/nofp/crt0.o
[...]
Memory Configuration

Name             Origin             Length             Attributes
RAM              0x0000000020000000 0x0000000000002800 xrw
FLASH            0x0000000008000000 0x0000000000008000 xr
*default*        0x0000000000000000 0xffffffffffffffff

Linker script and memory map

LOAD c:/st/stm32cubeide_1.7.0/stm32cubeide/plugins/com.st.stm32cube.ide.mcu.externaltools.gnu-tools-for-stm32.9-2020-q2-update.win32_2.0.0.202105311346/tools/bin/../lib/gcc/arm-none-eabi/9.3.1/thumb/v7-m/nofp/crti.o
LOAD c:/st/stm32cubeide_1.7.0/stm32cubeide/plugins/com.st.stm32cube.ide.mcu.externaltools.gnu-tools-for-stm32.9-2020-q2-update.win32_2.0.0.202105311346/tools/bin/../lib/gcc/arm-none-eabi/9.3.1/thumb/v7-m/nofp/crtbegin.o
LOAD c:/st/stm32cubeide_1.7.0/stm32cubeide/plugins/com.st.stm32cube.ide.mcu.externaltools.gnu-tools-for-stm32.9-2020-q2-update.win32_2.0.0.202105311346/tools/bin/../lib/gcc/arm-none-eabi/9.3.1/../../../../arm-none-eabi/lib/thumb/v7-m/nofp/crt0.o
LOAD ./Core/Src/button.o
LOAD ./Core/Src/display7SEG.o
LOAD ./Core/Src/fsm_auto.o
LOAD ./Core/Src/fsm_manual.o
LOAD ./Core/Src/fsm_setting.o
LOAD ./Core/Src/fsm_traffic.o
LOAD ./Core/Src/global.o
LOAD ./Core/Src/main.o
LOAD ./Core/Src/software_timer.o
LOAD ./Core/Src/stm32f1xx_hal_msp.o
LOAD ./Core/Src/stm32f1xx_it.o
LOAD ./Core/Src/syscalls.o
LOAD ./Core/Src/sysmem.o
LOAD ./Core/Src/system_stm32f1xx.o
LOAD ./Core/Src/traffic_2_lane.o
LOAD ./Core/Startup/startup_stm32f103c6tx.o
LOAD ./Drivers/STM32F1xx_HAL_Driver/Src/stm32f1xx_hal.o
LOAD ./Drivers/STM32F1xx_HAL_Driver/Src/stm32f1xx_hal_cortex.o
LOAD ./Drivers/STM32F1xx_HAL_Driver/Src/stm32f1xx_hal_dma.o
LOAD ./Drivers/STM32F1xx_HAL_Driver/Src/stm32f1xx_hal_exti.o
LOAD ./Drivers/STM32F1xx_HAL_Driver/Src/stm32f1xx_hal_flash.o
LOAD ./Drivers/STM32F1xx_HAL_Driver/Src/stm32f1xx_hal_flash_ex.o
LOAD ./Drivers/STM32F1xx_HAL_Driver/Src/stm32f1xx_hal_gpio.o
LOAD ./Drivers/STM32F1xx_HAL_Driver/Src/stm32f1xx_hal_gpio_ex.o
LOAD ./Drivers/STM32F1xx_HAL_Driver/Src/stm32f1xx_hal_pwr.o
LOAD ./Drivers/STM32F1xx_HAL_Driver/Src/stm32f1xx_hal_rcc.o
LOAD ./Drivers/STM32F1xx_HAL_Driver/Src/stm32f1xx_hal_rcc_ex.o
LOAD ./Drivers/STM32F1xx_HAL_Driver/Src/stm32f1xx_hal_tim.o
LOAD ./Drivers/STM32F1xx_HAL_Driver/Src/stm32f1xx_hal_tim_ex.o
START GROUP
LOAD c:/st/stm32cubeide_1.7.0/stm32cubeide/plugins/com.st.stm32cube.ide.mcu.externaltools.gnu-tools-for-stm32.9-2020-q2-update.win32_2.0.0.202105311346/tools/bin/../lib/gcc/arm-none-eabi/9.3.1/../../../../arm-none-eabi/lib/thumb/v7-m/nofp\libc_nano.a
LOAD c:/st/stm32cubeide_1.7.0/stm32cubeide/plugins/com.st.stm32cube.ide.mcu.externaltools.gnu-tools-for-stm32.9-2020-q2-update.win32_2.0.0.202105311346/tools/bin/../lib/gcc/arm-none-eabi/9.3.1/../../../../arm-none-eabi/lib/thumb/v7-m/nofp\libm.a
END GROUP
START GROUP
LOAD c:/st/stm32cubeide_1.7.0/stm32cubeide/plugins/com.st.stm32cube.ide.mcu.externaltools.gnu-tools-for-stm32.9-2020-q2-update.win32_2.0.0.202105311346/tools/bin/../lib/gcc/arm-none-eabi/9.3.1/thumb/v7-m/nofp\libgcc.a
LOAD c:/st/stm32cubeide_1.7.0/stm32cubeide/plugins/com.st.stm32cube.ide.mcu.externaltools.gnu-tools-for-stm32.9-2020-q2-update.win32_2.0.0.202105311346/tools/bin/../lib/gcc/arm-none-eabi/9.3.1/../../../../arm-none-eabi/lib/thumb/v7-m/nofp\libc_nano.a
END GROUP
START GROUP
LOAD c:/st/stm32cubeide_1.7.0/stm32cubeide/plugins/com.st.stm32cube.ide.mcu.externaltools.gnu-tools-for-stm32.9-2020-q2-update.win32_2.0.0.202105311346/tools/bin/../lib/gcc/arm-none-eabi/9.3.1/thumb/v7-m/nofp\libgcc.a
LOAD c:/st/stm32cubeide_1.7.0/stm32cubeide/plugins/com.st.stm32cube.ide.mcu.externaltools.gnu-tools-for-stm32.9-2020-q2-update.win32_2.0.0.202105311346/tools/bin/../lib/gcc/arm-none-eabi/9.3.1/../../../../arm-none-eabi/lib/thumb/v7-m/nofp\libc_nano.a
LOAD c:/st/stm32cubeide_1.7.0/stm32cubeide/plugins/com.st.stm32cube.ide.mcu.externaltools.gnu-tools-for-stm32.9-2020-q2-update.win32_2.0.0.202105311346/tools/bin/../lib/gcc/arm-none-eabi/9.3.1/../../../../arm-none-eabi/lib/thumb/v7-m/nofp\libnosys.a
END GROUP
START GROUP
LOAD c:/st/stm32cubeide_1.7.0/stm32cubeide/plugins/com.st.stm32cube.ide.mcu.externaltools.gnu-tools-for-stm32.9-2020-q2-update.win32_2.0.0.202105311346/tools/bin/../lib/gcc/arm-none-eabi/9.3.1/thumb/v7-m/nofp\libgcc.a
LOAD c:/st/stm32cubeide_1.7.0/stm32cubeide/plugins/com.st.stm32cube.ide.mcu.externaltools.gnu-tools-for-stm32.9-2020-q2-update.win32_2.0.0.202105311346/tools/bin/../lib/gcc/arm-none-eabi/9.3.1/../../../../arm-none-eabi/lib/thumb/v7-m/nofp\libc_nano.a
LOAD c:/st/stm32cubeide_1.7.0/stm32cubeide/plugins/com.st.stm32cube.ide.mcu.externaltools.gnu-tools-for-stm32.9-2020-q2-update.win32_2.0.0.202105311346/tools/bin/../lib/gcc/arm-none-eabi/9.3.1/../../../../arm-none-eabi/lib/thumb/v7-m/nofp\libnosys.a
END GROUP
LOAD c:/st/stm32cubeide_1.7.0/stm32cubeide/plugins/com.st.stm32cube.ide.mcu.externaltools.gnu-tools-for-stm32.9-2020-q2-update.win32_2.0.0.202105311346/tools/bin/../lib/gcc/arm-none-eabi/9.3.1/thumb/v7-m/nofp/crtend.o
LOAD c:/st/stm32cubeide_1.7.0/stm32cubeide/plugins/com.st.stm32cube.ide.mcu.externaltools.gnu-tools-for-stm32.9-2020-q2-update.win32_2.0.0.202105311346/tools/bin/../lib/gcc/arm-none-eabi/9.3.1/thumb/v7-m/nofp/crtn.o
                0x0000000020002800                _estack = (ORIGIN (RAM) + LENGTH (RAM))
                0x0000000000000200                _Min_Heap_Size = 0x200
                0x0000000000000400                _Min_Stack_Size = 0x400

.isr_vector     0x0000000008000000      0x10c
                0x0000000008000000                . = ALIGN (0x4)
 *(.isr_vector)
 .isr_vector    0x0000000008000000      0x10c ./Core/Startup/startup_stm32f103c6tx.o
                0x0000000008000000                g_pfnVectors
                0x000000000800010c                . = ALIGN (0x4)

.text           0x000000000800010c     0x3224
                0x000000000800010c                . = ALIGN (0x4)
 *(.text)
 .text          0x000000000800010c       0x40 c:/st/stm32cubeide_1.7.0/stm32cubeide/plugins/com.st.stm32cube.ide.mcu.externaltools.gnu-tools-for-stm32.9-2020-q2-update.win32_2.0.0.202105311346/tools/bin/../lib/gcc/arm-none-eabi/9.3.1/thumb/v7-m/nofp/crtbegin.o
 *(.text*)
 .text.isButton1_Pressed
                0x000000000800014c       0x24 ./Core/Src/button.o
                0x000000000800014c                isButton1_Pressed
 .text.isButton2_Pressed
                0x0000000008000170       0x24 ./Core/Src/button.o
                0x0000000008000170                isButton2_Pressed
 .text.isButton3_Pressed
                0x0000000008000194       0x24 ./Core/Src/button.o
                0x0000000008000194                isButton3_Pressed
 .text.getKeyInput1
                0x00000000080001b8       0xb8 ./Core/Src/button.o
                0x00000000080001b8                getKeyInput1
 .text.getKeyInput2
                0x0000000008000270       0xb8 ./Core/Src/button.o
                0x0000000008000270                getKeyInput2
 .text.getKeyInput3
                0x0000000008000328       0xb8 ./Core/Src/button.o
                0x0000000008000328                getKeyInput3
 .text.display7SEG
                0x00000000080003e0      0x290 ./Core/Src/display7SEG.o
                0x00000000080003e0                display7SEG
 .text.display7SEG_2
                0x0000000008000670      0x308 ./Core/Src/display7SEG.o
                0x0000000008000670                display7SEG_2
 .text.update7SEG
                0x0000000008000978       0x70 ./Core/Src/display7SEG.o
                0x0000000008000978                update7SEG
 .text.update7SEG_lane2
                0x00000000080009e8       0x70 ./Core/Src/display7SEG.o
                0x00000000080009e8                update7SEG_lane2
 .text.fsm_auto_run_lane1
                0x0000000008000a58      0x260 ./Core/Src/fsm_auto.o
                0x0000000008000a58                fsm_auto_run_lane1
 .text.fsm_auto_run_lane2
                0x0000000008000cb8      0x264 ./Core/Src/fsm_auto.o
                0x0000000008000cb8                fsm_auto_run_lane2
 .text.fsm_manual_run
                0x0000000008000f1c      0x3d8 ./Core/Src/fsm_manual.o
                0x0000000008000f1c                fsm_manual_run
 .text.FSMDisplayLED1
                0x00000000080012f4      0x13c ./Core/Src/fsm_setting.o
                0x00000000080012f4                FSMDisplayLED1
 .text.FSMDisplayLED2
                0x0000000008001430       0x8c ./Core/Src/fsm_setting.o
                0x0000000008001430                FSMDisplayLED2
 .text.FSM_Display_2LED
                0x00000000080014bc       0x10 ./Core/Src/fsm_setting.o
                0x00000000080014bc                FSM_Display_2LED
 .text.fsm_traffic_lane1_run
                0x00000000080014cc       0xa4 ./Core/Src/fsm_traffic.o
                0x00000000080014cc                fsm_traffic_lane1_run
 .text.fsm_traffic_lane2_run
                0x0000000008001570       0xc8 ./Core/Src/fsm_traffic.o
                0x0000000008001570                fsm_traffic_lane2_run
 .text.main     0x0000000008001638       0x88 ./Core/Src/main.o
                0x0000000008001638                main
 .text.SystemClock_Config
                0x00000000080016c0       0x76 ./Core/Src/main.o
                0x00000000080016c0                SystemClock_Config
 *fill*         0x0000000008001736        0x2 
 .text.MX_TIM2_Init
                0x0000000008001738       0x98 ./Core/Src/main.o
 .text.MX_GPIO_Init
                0x00000000080017d0       0xc8 ./Core/Src/main.o
 .text.HAL_TIM_PeriodElapsedCallback
                0x0000000008001898       0x20 ./Core/Src/main.o
                0x0000000008001898                HAL_TIM_PeriodElapsedCallback
 .text.Error_Handler
                0x00000000080018b8        0xa ./Core/Src/main.o
                0x00000000080018b8                Error_Handler
 *fill*         0x00000000080018c2        0x2 
 .text.setTimer
                0x00000000080018c4       0x3c ./Core/Src/software_timer.o
                0x00000000080018c4                setTimer
 .text.timer_run
                0x0000000008001900       0x50 ./Core/Src/software_timer.o
                0x0000000008001900                timer_run
 .text.timerRun
                0x0000000008001950       0x44 ./Core/Src/software_timer.o
                0x0000000008001950                timerRun
 .text.HAL_MspInit
                0x0000000008001994       0x64 ./Core/Src/stm32f1xx_hal_msp.o
                0x0000000008001994                HAL_MspInit
 .text.HAL_TIM_Base_MspInit
                0x00000000080019f8       0x48 ./Core/Src/stm32f1xx_hal_msp.o
                0x00000000080019f8                HAL_TIM_Base_MspInit
 .text.NMI_Handler
                0x0000000008001a40        0x6 ./Core/Src/stm32f1xx_it.o
                0x0000000008001a40                NMI_Handler
 .text.HardFault_Handler
                0x0000000008001a46        0x6 ./Core/Src/stm32f1xx_it.o
                0x0000000008001a46                HardFault_Handler
 .text.MemManage_Handler
                0x0000000008001a4c        0x6 ./Core/Src/stm32f1xx_it.o
                0x0000000008001a4c                MemManage_Handler
 .text.BusFault_Handler
                0x0000000008001a52        0x6 ./Core/Src/stm32f1xx_it.o
                0x0000000008001a52                BusFault_Handler
 .text.UsageFault_Handler
                0x0000000008001a58        0x6 ./Core/Src/stm32f1xx_it.o
                0x0000000008001a58                UsageFault_Handler
 .text.SVC_Handler
                0x0000000008001a5e        0xc ./Core/Src/stm32f1xx_it.o
                0x0000000008001a5e                SVC_Handler
 .text.DebugMon_Handler
                0x0000000008001a6a        0xc ./Core/Src/stm32f1xx_it.o
                0x0000000008001a6a                DebugMon_Handler
 .text.PendSV_Handler
                0x0000000008001a76        0xc ./Core/Src/stm32f1xx_it.o
                0x0000000008001a76                PendSV_Handler
 .text.SysTick_Handler
                0x0000000008001a82        0xc ./Core/Src/stm32f1xx_it.o
                0x0000000008001a82                SysTick_Handler
 *fill*         0x0000000008001a8e        0x2 
 .text.TIM2_IRQHandler
                0x0000000008001a90       0x14 ./Core/Src/stm32f1xx_it.o
                0x0000000008001a90                TIM2_IRQHandler
 .text.SystemInit
                0x0000000008001aa4        0xc ./Core/Src/system_stm32f1xx.o
                0x0000000008001aa4                SystemInit
 .text.red_1    0x0000000008001ab0       0x2c ./Core/Src/traffic_2_lane.o
                0x0000000008001ab0                red_1
 .text.green_1  0x0000000008001adc       0x2c ./Core/Src/traffic_2_lane.o
                0x0000000008001adc                green_1
 .text.yellow_1
                0x0000000008001b08       0x2c ./Core/Src/traffic_2_lane.o
                0x0000000008001b08                yellow_1
 .text.red_2    0x0000000008001b34       0x2c ./Core/Src/traffic_2_lane.o
                0x0000000008001b34                red_2
 .text.green_2  0x0000000008001b60       0x2c ./Core/Src/traffic_2_lane.o
                0x0000000008001b60                green_2
 .text.yellow_2
                0x0000000008001b8c       0x2c ./Core/Src/traffic_2_lane.o
                0x0000000008001b8c                yellow_2
 .text.off_redgreen_lane1
                0x0000000008001bb8       0x20 ./Core/Src/traffic_2_lane.o
                0x0000000008001bb8                off_redgreen_lane1
 .text.off_redyellow_lane1
                0x0000000008001bd8       0x20 ./Core/Src/traffic_2_lane.o
                0x0000000008001bd8                off_redyellow_lane1
 .text.off_greenyellow_lane1
                0x0000000008001bf8       0x20 ./Core/Src/traffic_2_lane.o
                0x0000000008001bf8                off_greenyellow_lane1
 .text.off_redgreen_lane2
                0x0000000008001c18       0x20 ./Core/Src/traffic_2_lane.o
                0x0000000008001c18                off_redgreen_lane2
 .text.off_redyellow_lane2
                0x0000000008001c38       0x20 ./Core/Src/traffic_2_lane.o
                0x0000000008001c38                off_redyellow_lane2
 .text.off_greenyellow_lane2
                0x0000000008001c58       0x20 ./Core/Src/traffic_2_lane.o
                0x0000000008001c58                off_greenyellow_lane2
 .text.Reset_Handler
                0x0000000008001c78       0x48 ./Core/Startup/startup_stm32f103c6tx.o
                0x0000000008001c78                Reset_Handler
 .text.Default_Handler
                0x0000000008001cc0        0x2 ./Core/Startup/startup_stm32f103c6tx.o
                0x0000000008001cc0                RTC_Alarm_IRQHandler
                0x0000000008001cc0                EXTI2_IRQHandler
                0x0000000008001cc0                TIM1_CC_IRQHandler
                0x0000000008001cc0                PVD_IRQHandler
                0x0000000008001cc0                EXTI3_IRQHandler
                0x0000000008001cc0                EXTI0_IRQHandler
                0x0000000008001cc0                ADC1_2_IRQHandler
                0x0000000008001cc0                SPI1_IRQHandler
                0x0000000008001cc0                TAMPER_IRQHandler
                0x0000000008001cc0                DMA1_Channel4_IRQHandler
                0x0000000008001cc0                RTC_IRQHandler
                0x0000000008001cc0                DMA1_Channel7_IRQHandler
                0x0000000008001cc0                CAN1_RX1_IRQHandler
                0x0000000008001cc0                I2C1_EV_IRQHandler
                0x0000000008001cc0                DMA1_Channel6_IRQHandler
                0x0000000008001cc0                TIM3_IRQHandler
                0x0000000008001cc0                RCC_IRQHandler
                0x0000000008001cc0                TIM1_TRG_COM_IRQHandler
                0x0000000008001cc0                DMA1_Channel1_IRQHandler
                0x0000000008001cc0                Default_Handler
                0x0000000008001cc0                EXTI15_10_IRQHandler
                0x0000000008001cc0                EXTI9_5_IRQHandler
                0x0000000008001cc0                DMA1_Channel5_IRQHandler
                0x0000000008001cc0                EXTI4_IRQHandler
                0x0000000008001cc0                USB_LP_CAN1_RX0_IRQHandler
                0x0000000008001cc0                USB_HP_CAN1_TX_IRQHandler
                0x0000000008001cc0                DMA1_Channel3_IRQHandler
                0x0000000008001cc0                TIM1_UP_IRQHandler
                0x0000000008001cc0                WWDG_IRQHandler
                0x0000000008001cc0                TIM1_BRK_IRQHandler
                0x0000000008001cc0                EXTI1_IRQHandler
                0x0000000008001cc0                USART2_IRQHandler
                0x0000000008001cc0                DMA1_Channel2_IRQHandler
                0x0000000008001cc0                CAN1_SCE_IRQHandler
                0x0000000008001cc0                FLASH_IRQHandler
                0x0000000008001cc0                USART1_IRQHandler
                0x0000000008001cc0                I2C1_ER_IRQHandler
                0x0000000008001cc0                USBWakeUp_IRQHandler
 *fill*         0x0000000008001cc2        0x2 
 .text.HAL_Init
                0x0000000008001cc4       0x2c ./Drivers/STM32F1xx_HAL_Driver/Src/stm32f1xx_hal.o
                0x0000000008001cc4                HAL_Init
 .text.HAL_InitTick
                0x0000000008001cf0       0x60 ./Drivers/STM32F1xx_HAL_Driver/Src/stm32f1xx_hal.o
                0x0000000008001cf0                HAL_InitTick
 .text.HAL_IncTick
                0x0000000008001d50       0x24 ./Drivers/STM32F1xx_HAL_Driver/Src/stm32f1xx_hal.o
                0x0000000008001d50                HAL_IncTick
 .text.HAL_GetTick
                0x0000000008001d74       0x14 ./Drivers/STM32F1xx_HAL_Driver/Src/stm32f1xx_hal.o
                0x0000000008001d74                HAL_GetTick
 .text.__NVIC_SetPriorityGrouping
                0x0000000008001d88       0x48 ./Drivers/STM32F1xx_HAL_Driver/Src/stm32f1xx_hal_cortex.o
 .text.__NVIC_GetPriorityGrouping
                0x0000000008001dd0       0x1c ./Drivers/STM32F1xx_HAL_Driver/Src/stm32f1xx_hal_cortex.o
 .text.__NVIC_EnableIRQ
                0x0000000008001dec       0x38 ./Drivers/STM32F1xx_HAL_Driver/Src/stm32f1xx_hal_cortex.o
 .text.__NVIC_SetPriority
                0x0000000008001e24       0x54 ./Drivers/STM32F1xx_HAL_Driver/Src/stm32f1xx_hal_cortex.o
 .text.NVIC_EncodePriority
                0x0000000008001e78       0x64 ./Drivers/STM32F1xx_HAL_Driver/Src/stm32f1xx_hal_cortex.o
 .text.SysTick_Config
                0x0000000008001edc       0x44 ./Drivers/STM32F1xx_HAL_Driver/Src/stm32f1xx_hal_cortex.o
 .text.HAL_NVIC_SetPriorityGrouping
                0x0000000008001f20       0x16 ./Drivers/STM32F1xx_HAL_Driver/Src/stm32f1xx_hal_cortex.o
                0x0000000008001f20                HAL_NVIC_SetPriorityGrouping
 .text.HAL_NVIC_SetPriority
                0x0000000008001f36       0x38 ./Drivers/STM32F1xx_HAL_Driver/Src/stm32f1xx_hal_cortex.o
                0x0000000008001f36                HAL_NVIC_SetPriority
 .text.HAL_NVIC_EnableIRQ
                0x0000000008001f6e       0x1c ./Drivers/STM32F1xx_HAL_Driver/Src/stm32f1xx_hal_cortex.o
                0x0000000008001f6e                HAL_NVIC_EnableIRQ
 .text.HAL_SYSTICK_Config
                0x0000000008001f8a       0x18 ./Drivers/STM32F1xx_HAL_Driver/Src/stm32f1xx_hal_cortex.o
                0x0000000008001f8a                HAL_SYSTICK_Config
 *fill*         0x0000000008001fa2        0x2 
 .text.HAL_GPIO_Init
                0x0000000008001fa4      0x2f4 ./Drivers/STM32F1xx_HAL_Driver/Src/stm32f1xx_hal_gpio.o
                0x0000000008001fa4                HAL_GPIO_Init
 .text.HAL_GPIO_ReadPin
                0x0000000008002298       0x2e ./Drivers/STM32F1xx_HAL_Driver/Src/stm32f1xx_hal_gpio.o
                0x0000000008002298                HAL_GPIO_ReadPin
 .text.HAL_GPIO_WritePin
                0x00000000080022c6       0x30 ./Drivers/STM32F1xx_HAL_Driver/Src/stm32f1xx_hal_gpio.o
                0x00000000080022c6                HAL_GPIO_WritePin
 .text.HAL_GPIO_TogglePin
                0x00000000080022f6       0x32 ./Drivers/STM32F1xx_HAL_Driver/Src/stm32f1xx_hal_gpio.o
                0x00000000080022f6                HAL_GPIO_TogglePin
 .text.HAL_RCC_OscConfig
                0x0000000008002328      0x500 ./Drivers/STM32F1xx_HAL_Driver/Src/stm32f1xx_hal_rcc.o
                0x0000000008002328                HAL_RCC_OscConfig
 .text.HAL_RCC_ClockConfig
                0x0000000008002828      0x1d4 ./Drivers/STM32F1xx_HAL_Driver/Src/stm32f1xx_hal_rcc.o
                0x0000000008002828                HAL_RCC_ClockConfig
 .text.HAL_RCC_GetSysClockFreq
                0x00000000080029fc       0xc0 ./Drivers/STM32F1xx_HAL_Driver/Src/stm32f1xx_hal_rcc.o
                0x00000000080029fc                HAL_RCC_GetSysClockFreq
 .text.RCC_Delay
                0x0000000008002abc       0x3c ./Drivers/STM32F1xx_HAL_Driver/Src/stm32f1xx_hal_rcc.o
 .text.HAL_TIM_Base_Init
                0x0000000008002af8       0x9e ./Drivers/STM32F1xx_HAL_Driver/Src/stm32f1xx_hal_tim.o
                0x0000000008002af8                HAL_TIM_Base_Init
 *fill*         0x0000000008002b96        0x2 
 .text.HAL_TIM_Base_Start_IT
                0x0000000008002b98       0x98 ./Drivers/STM32F1xx_HAL_Driver/Src/stm32f1xx_hal_tim.o
                0x0000000008002b98                HAL_TIM_Base_Start_IT
 .text.HAL_TIM_IRQHandler
                0x0000000008002c30      0x210 ./Drivers/STM32F1xx_HAL_Driver/Src/stm32f1xx_hal_tim.o
                0x0000000008002c30                HAL_TIM_IRQHandler
 .text.HAL_TIM_ConfigClockSource
                0x0000000008002e40      0x188 ./Drivers/STM32F1xx_HAL_Driver/Src/stm32f1xx_hal_tim.o
                0x0000000008002e40                HAL_TIM_ConfigClockSource
 .text.HAL_TIM_OC_DelayElapsedCallback
                0x0000000008002fc8       0x12 ./Drivers/STM32F1xx_HAL_Driver/Src/stm32f1xx_hal_tim.o
                0x0000000008002fc8                HAL_TIM_OC_DelayElapsedCallback
 .text.HAL_TIM_IC_CaptureCallback
                0x0000000008002fda       0x12 ./Drivers/STM32F1xx_HAL_Driver/Src/stm32f1xx_hal_tim.o
                0x0000000008002fda                HAL_TIM_IC_CaptureCallback
 .text.HAL_TIM_PWM_PulseFinishedCallback
                0x0000000008002fec       0x12 ./Drivers/STM32F1xx_HAL_Driver/Src/stm32f1xx_hal_tim.o
                0x0000000008002fec                HAL_TIM_PWM_PulseFinishedCallback
 .text.HAL_TIM_TriggerCallback
                0x0000000008002ffe       0x12 ./Drivers/STM32F1xx_HAL_Driver/Src/stm32f1xx_hal_tim.o
                0x0000000008002ffe                HAL_TIM_TriggerCallback
 .text.TIM_Base_SetConfig
                0x0000000008003010       0xb0 ./Drivers/STM32F1xx_HAL_Driver/Src/stm32f1xx_hal_tim.o
                0x0000000008003010                TIM_Base_SetConfig
 .text.TIM_TI1_ConfigInputStage
                0x00000000080030c0       0x5c ./Drivers/STM32F1xx_HAL_Driver/Src/stm32f1xx_hal_tim.o
 .text.TIM_TI2_ConfigInputStage
                0x000000000800311c       0x5e ./Drivers/STM32F1xx_HAL_Driver/Src/stm32f1xx_hal_tim.o
 .text.TIM_ITRx_SetConfig
                0x000000000800317a       0x34 ./Drivers/STM32F1xx_HAL_Driver/Src/stm32f1xx_hal_tim.o
 .text.TIM_ETR_SetConfig
                0x00000000080031ae       0x3e ./Drivers/STM32F1xx_HAL_Driver/Src/stm32f1xx_hal_tim.o
                0x00000000080031ae                TIM_ETR_SetConfig
 .text.HAL_TIMEx_MasterConfigSynchronization
                0x00000000080031ec       0xb0 ./Drivers/STM32F1xx_HAL_Driver/Src/stm32f1xx_hal_tim_ex.o
                0x00000000080031ec                HAL_TIMEx_MasterConfigSynchronization
 .text.HAL_TIMEx_CommutCallback
                0x000000000800329c       0x12 ./Drivers/STM32F1xx_HAL_Driver/Src/stm32f1xx_hal_tim_ex.o
                0x000000000800329c                HAL_TIMEx_CommutCallback
 .text.HAL_TIMEx_BreakCallback
                0x00000000080032ae       0x12 ./Drivers/STM32F1xx_HAL_Driver/Src/stm32f1xx_hal_tim_ex.o
                0x00000000080032ae                HAL_TIMEx_BreakCallback
 .text.__libc_init_array
                0x00000000080032c0       0x48 c:/st/stm32cubeide_1.7.0/stm32cubeide/plugins/com.st.stm32cube.ide.mcu.externaltools.gnu-tools-for-stm32.9-2020-q2-update.win32_2.0.0.202105311346/tools/bin/../lib/gcc/arm-none-eabi/9.3.1/../../../../arm-none-eabi/lib/thumb/v7-m/nofp\libc_nano.a(lib_a-init.o)
                0x00000000080032c0                __libc_init_array
 .text.memset   0x0000000008003308       0x10 c:/st/stm32cubeide_1.7.0/stm32cubeide/plugins/com.st.stm32cube.ide.mcu.externaltools.gnu-tools-for-stm32.9-2020-q2-update.win32_2.0.0.202105311346/tools/bin/../lib/gcc/arm-none-eabi/9.3.1/../../../../arm-none-eabi/lib/thumb/v7-m/nofp\libc_nano.a(lib_a-memset.o)
                0x0000000008003308                memset
 *(.glue_7)
 .glue_7        0x0000000008003318        0x0 linker stubs
 *(.glue_7t)
 .glue_7t       0x0000000008003318        0x0 linker stubs
 *(.eh_frame)
 .eh_frame      0x0000000008003318        0x0 c:/st/stm32cubeide_1.7.0/stm32cubeide/plugins/com.st.stm32cube.ide.mcu.externaltools.gnu-tools-for-stm32.9-2020-q2-update.win32_2.0.0.202105311346/tools/bin/../lib/gcc/arm-none-eabi/9.3.1/thumb/v7-m/nofp/crtbegin.o
 *(.init)
 .init          0x0000000008003318        0x4 c:/st/stm32cubeide_1.7.0/stm32cubeide/plugins/com.st.stm32cube.ide.mcu.externaltools.gnu-tools-for-stm32.9-2020-q2-update.win32_2.0.0.202105311346/tools/bin/../lib/gcc/arm-none-eabi/9.3.1/thumb/v7-m/nofp/crti.o
                0x0000000008003318                _init
 .init          0x000000000800331c        0x8 c:/st/stm32cubeide_1.7.0/stm32cubeide/plugins/com.st.stm32cube.ide.mcu.externaltools.gnu-tools-for-stm32.9-2020-q2-update.win32_2.0.0.202105311346/tools/bin/../lib/gcc/arm-none-eabi/9.3.1/thumb/v7-m/nofp/crtn.o
 *(.fini)
 .fini          0x0000000008003324        0x4 c:/st/stm32cubeide_1.7.0/stm32cubeide/plugins/com.st.stm32cube.ide.mcu.externaltools.gnu-tools-for-stm32.9-2020-q2-update.win32_2.0.0.202105311346/tools/bin/../lib/gcc/arm-none-eabi/9.3.1/thumb/v7-m/nofp/crti.o
                0x0000000008003324                _fini
 .fini          0x0000000008003328        0x8 c:/st/stm32cubeide_1.7.0/stm32cubeide/plugins/com.st.stm32cube.ide.mcu.externaltools.gnu-tools-for-stm32.9-2020-q2-update.win32_2.0.0.202105311346/tools/bin/../lib/gcc/arm-none-eabi/9.3.1/thumb/v7-m/nofp/crtn.o
                0x0000000008003330                . = ALIGN (0x4)
                0x0000000008003330                _etext = .

.vfp11_veneer   0x0000000008003330        0x0
 .vfp11_veneer  0x0000000008003330        0x0 linker stubs

.v4_bx          0x0000000008003330        0x0
 .v4_bx         0x0000000008003330        0x0 linker stubs

.iplt           0x0000000008003330        0x0
 .iplt          0x0000000008003330        0x0 c:/st/stm32cubeide_1.7.0/stm32cubeide/plugins/com.st.stm32cube.ide.mcu.externaltools.gnu-tools-for-stm32.9-2020-q2-update.win32_2.0.0.202105311346/tools/bin/../lib/gcc/arm-none-eabi/9.3.1/thumb/v7-m/nofp/crtbegin.o

.rodata         0x0000000008003330       0x20
                0x0000000008003330                . = ALIGN (0x4)
 *(.rodata)
 .rodata        0x0000000008003330       0x10 ./Drivers/STM32F1xx_HAL_Driver/Src/stm32f1xx_hal_rcc.o
 *(.rodata*)
 .rodata.AHBPrescTable
                0x0000000008003340       0x10 ./Core/Src/system_stm32f1xx.o
                0x0000000008003340                AHBPrescTable
                0x0000000008003350                . = ALIGN (0x4)

.rel.dyn        0x0000000008003350        0x0
 .rel.iplt      0x0000000008003350        0x0 c:/st/stm32cubeide_1.7.0/stm32cubeide/plugins/com.st.stm32cube.ide.mcu.externaltools.gnu-tools-for-stm32.9-2020-q2-update.win32_2.0.0.202105311346/tools/bin/../lib/gcc/arm-none-eabi/9.3.1/thumb/v7-m/nofp/crtbegin.o

.ARM.extab      0x0000000008003350        0x0
                0x0000000008003350                . = ALIGN (0x4)
 *(.ARM.extab* .gnu.linkonce.armextab.*)
                0x0000000008003350                . = ALIGN (0x4)

.ARM            0x0000000008003350        0x0
                0x0000000008003350                . = ALIGN (0x4)
                0x0000000008003350                __exidx_start = .
 *(.ARM.exidx*)
                0x0000000008003350                __exidx_end = .
                0x0000000008003350                . = ALIGN (0x4)

.preinit_array  0x0000000008003350        0x0
                0x0000000008003350                . = ALIGN (0x4)
                0x0000000008003350                PROVIDE (__preinit_array_start = .)
 *(.preinit_array*)
                0x0000000008003350                PROVIDE (__preinit_array_end = .)
                0x0000000008003350                . = ALIGN (0x4)

.init_array     0x0000000008003350        0x4
                0x0000000008003350                . = ALIGN (0x4)
                0x0000000008003350                PROVIDE (__init_array_start = .)
 *(SORT_BY_NAME(.init_array.*))
 *(.init_array*)
 .init_array    0x0000000008003350        0x4 c:/st/stm32cubeide_1.7.0/stm32cubeide/plugins/com.st.stm32cube.ide.mcu.externaltools.gnu-tools-for-stm32.9-2020-q2-update.win32_2.0.0.202105311346/tools/bin/../lib/gcc/arm-none-eabi/9.3.1/thumb/v7-m/nofp/crtbegin.o
                0x0000000008003354                PROVIDE (__init_array_end = .)
                0x0000000008003354                . = ALIGN (0x4)

.fini_array     0x0000000008003354        0x4
                0x0000000008003354                . = ALIGN (0x4)
                [!provide]                        PROVIDE (__fini_array_start = .)
 *(SORT_BY_NAME(.fini_array.*))
 *(.fini_array*)
 .fini_array    0x0000000008003354        0x4 c:/st/stm32cubeide_1.7.0/stm32cubeide/plugins/com.st.stm32cube.ide.mcu.externaltools.gnu-tools-for-stm32.9-2020-q2-update.win32_2.0.0.202105311346/tools/bin/../lib/gcc/arm-none-eabi/9.3.1/thumb/v7-m/nofp/crtbegin.o
                [!provide]                        PROVIDE (__fini_array_end = .)
                0x0000000008003358                . = ALIGN (0x4)
                0x0000000008003358                _sidata = LOADADDR (.data)

.data           0x0000000020000000       0x8c load address 0x0000000008003358
                0x0000000020000000                . = ALIGN (0x4)
                0x0000000020000000                _sdata = .
 *(.data)
 *(.data*)
 .data.keyReg0  0x0000000020000000        0xc ./Core/Src/button.o
                0x0000000020000000                keyReg0
 .data.keyReg1  0x000000002000000c        0xc ./Core/Src/button.o
                0x000000002000000c                keyReg1
 .data.keyReg2  0x0000000020000018        0xc ./Core/Src/button.o
                0x0000000020000018                keyReg2
 .data.keyReg3  0x0000000020000024        0xc ./Core/Src/button.o
                0x0000000020000024                keyReg3
 .data.timerForKeyPress
                0x0000000020000030        0x4 ./Core/Src/button.o
                0x0000000020000030                timerForKeyPress
 .data.status_lane1
                0x0000000020000034        0x4 ./Core/Src/fsm_auto.o
                0x0000000020000034                status_lane1
 .data.status_lane2
                0x0000000020000038        0x4 ./Core/Src/fsm_auto.o
                0x0000000020000038                status_lane2
 .data.StatusLED1
                0x000000002000003c        0x4 ./Core/Src/fsm_setting.o
                0x000000002000003c                StatusLED1
 .data.StatusLED2
                0x0000000020000040        0x4 ./Core/Src/fsm_setting.o
                0x0000000020000040                StatusLED2
 .data.status_traffic_lane1
                0x0000000020000044        0x4 ./Core/Src/fsm_traffic.o
                0x0000000020000044                status_traffic_lane1
 .data.status_traffic_lane2
                0x0000000020000048        0x4 ./Core/Src/fsm_traffic.o
                0x0000000020000048                status_traffic_lane2
 .data.red1TimeMAX
                0x000000002000004c        0x4 ./Core/Src/global.o
                0x000000002000004c                red1TimeMAX
 .data.green1TimeMAX
                0x0000000020000050        0x4 ./Core/Src/global.o
                0x0000000020000050                green1TimeMAX
 .data.yellow1TimeMAX
                0x0000000020000054        0x4 ./Core/Src/global.o
                0x0000000020000054                yellow1TimeMAX
 .data.red2TimeMAX
                0x0000000020000058        0x4 ./Core/Src/global.o
                0x0000000020000058                red2TimeMAX
 .data.green2TimeMAX
                0x000000002000005c        0x4 ./Core/Src/global.o
                0x000000002000005c                green2TimeMAX
 .data.yellow2TimeMAX
                0x0000000020000060        0x4 ./Core/Src/global.o
                0x0000000020000060                yellow2TimeMAX
 .data.red1_time
                0x0000000020000064        0x4 ./Core/Src/global.o
                0x0000000020000064                red1_time
 .data.green1_time
                0x0000000020000068        0x4 ./Core/Src/global.o
                0x0000000020000068                green1_time
 .data.yellow1_time
                0x000000002000006c        0x4 ./Core/Src/global.o
                0x000000002000006c                yellow1_time
 .data.red2_time
                0x0000000020000070        0x4 ./Core/Src/global.o
                0x0000000020000070                red2_time
 .data.green2_time
                0x0000000020000074        0x4 ./Core/Src/global.o
                0x0000000020000074                green2_time
 .data.yellow2_time
                0x0000000020000078        0x4 ./Core/Src/global.o
                0x0000000020000078                yellow2_time
 .data.TICK     0x000000002000007c        0x4 ./Core/Src/software_timer.o
                0x000000002000007c                TICK
 .data.SystemCoreClock
                0x0000000020000080        0x4 ./Core/Src/system_stm32f1xx.o
                0x0000000020000080                SystemCoreClock
 .data.uwTickPrio
                0x0000000020000084        0x4 ./Drivers/STM32F1xx_HAL_Driver/Src/stm32f1xx_hal.o
                0x0000000020000084                uwTickPrio
 .data.uwTickFreq
                0x0000000020000088        0x1 ./Drivers/STM32F1xx_HAL_Driver/Src/stm32f1xx_hal.o
                0x0000000020000088                uwTickFreq
 *(.RamFunc)
 *(.RamFunc*)
                0x000000002000008c                . = ALIGN (0x4)
 *fill*         0x0000000020000089        0x3 
                0x000000002000008c                _edata = .

.igot.plt       0x000000002000008c        0x0 load address 0x00000000080033e4
 .igot.plt      0x000000002000008c        0x0 c:/st/stm32cubeide_1.7.0/stm32cubeide/plugins/com.st.stm32cube.ide.mcu.externaltools.gnu-tools-for-stm32.9-2020-q2-update.win32_2.0.0.202105311346/tools/bin/../lib/gcc/arm-none-eabi/9.3.1/thumb/v7-m/nofp/crtbegin.o
                0x000000002000008c                . = ALIGN (0x4)

.bss            0x000000002000008c      0x104 load address 0x00000000080033e4
                0x000000002000008c                _sbss = .
                0x000000002000008c                __bss_start__ = _sbss
 *(.bss)
 .bss           0x000000002000008c       0x1c c:/st/stm32cubeide_1.7.0/stm32cubeide/plugins/com.st.stm32cube.ide.mcu.externaltools.gnu-tools-for-stm32.9-2020-q2-update.win32_2.0.0.202105311346/tools/bin/../lib/gcc/arm-none-eabi/9.3.1/thumb/v7-m/nofp/crtbegin.o
 *(.bss*)
 .bss.button1_flag
                0x00000000200000a8        0x4 ./Core/Src/button.o
                0x00000000200000a8                button1_flag
 .bss.button2_flag
                0x00000000200000ac        0x4 ./Core/Src/button.o
                0x00000000200000ac                button2_flag
 .bss.button3_flag
                0x00000000200000b0        0x4 ./Core/Src/button.o
                0x00000000200000b0                button3_flag
 .bss.button1_long_flag
                0x00000000200000b4        0x4 ./Core/Src/button.o
                0x00000000200000b4                button1_long_flag
 .bss.button2_long_flag
                0x00000000200000b8        0x4 ./Core/Src/button.o
                0x00000000200000b8                button2_long_flag
 .bss.button3_long_flag
                0x00000000200000bc        0x4 ./Core/Src/button.o
                0x00000000200000bc                button3_long_flag
 .bss.indexLEDmot
                0x00000000200000c0        0x4 ./Core/Src/global.o
                0x00000000200000c0                indexLEDmot
 .bss.indexLEDhai
                0x00000000200000c4        0x4 ./Core/Src/global.o
                0x00000000200000c4                indexLEDhai
 .bss.led_buffer_lane1
                0x00000000200000c8        0x8 ./Core/Src/global.o
                0x00000000200000c8                led_buffer_lane1
 .bss.led_buffer_lane2
                0x00000000200000d0        0x8 ./Core/Src/global.o
                0x00000000200000d0                led_buffer_lane2
 .bss.value1_buffer
                0x00000000200000d8        0xc ./Core/Src/global.o
                0x00000000200000d8                value1_buffer
 .bss.value2_buffer
                0x00000000200000e4        0xc ./Core/Src/global.o
                0x00000000200000e4                value2_buffer
 .bss.STATUS_MODE
                0x00000000200000f0        0x4 ./Core/Src/global.o
                0x00000000200000f0                STATUS_MODE
 .bss.timer_counter
                0x00000000200000f4       0x28 ./Core/Src/software_timer.o
                0x00000000200000f4                timer_counter
 .bss.timer_flag
                0x000000002000011c       0x28 ./Core/Src/software_timer.o
                0x000000002000011c                timer_flag
 *(COMMON)
 COMMON         0x0000000020000144       0x48 ./Core/Src/main.o
                0x0000000020000144                htim2
 COMMON         0x000000002000018c        0x4 ./Drivers/STM32F1xx_HAL_Driver/Src/stm32f1xx_hal.o
                0x000000002000018c                uwTick
                0x0000000020000190                . = ALIGN (0x4)
                0x0000000020000190                _ebss = .
                0x0000000020000190                __bss_end__ = _ebss

._user_heap_stack
                0x0000000020000190      0x600 load address 0x00000000080033e4
                0x0000000020000190                . = ALIGN (0x8)
                [!provide]                        PROVIDE (end = .)
                0x0000000020000190                PROVIDE (_end = .)
                0x0000000020000390                . = (. + _Min_Heap_Size)
 *fill*         0x0000000020000190      0x200 
                0x0000000020000790                . = (. + _Min_Stack_Size)
 *fill*         0x0000000020000390      0x400 
                0x0000000020000790                . = ALIGN (0x8)

/DISCARD/
 libc.a(*)
 libm.a(*)
 libgcc.a(*)

.ARM.attributes
                0x0000000000000000       0x29
 *(.ARM.attributes)
 .ARM.attributes
                0x0000000000000000       0x1d c:/st/stm32cubeide_1.7.0/stm32cubeide/plugins/com.st.stm32cube.ide.mcu.externaltools.gnu-tools-for-stm32.9-2020-q2-update.win32_2.0.0.202105311346/tools/bin/../lib/gcc/arm-none-eabi/9.3.1/thumb/v7-m/nofp/crti.o
 .ARM.attributes
                0x000000000000001d       0x2d c:/st/stm32cubeide_1.7.0/stm32cubeide/plugins/com.st.stm32cube.ide.mcu.externaltools.gnu-tools-for-stm32.9-2020-q2-update.win32_2.0.0.202105311346/tools/bin/../lib/gcc/arm-none-eabi/9.3.1/thumb/v7-m/nofp/crtbegin.o
 .ARM.attributes
                0x000000000000004a       0x2d ./Core/Src/button.o
 .ARM.attributes
                0x0000000000000077       0x2d ./Core/Src/display7SEG.o
 .ARM.attributes
                0x00000000000000a4       0x2d ./Core/Src/fsm_auto.o
 .ARM.attributes
                0x00000000000000d1       0x2d ./Core/Src/fsm_manual.o
 .ARM.attributes
                0x00000000000000fe       0x2d ./Core/Src/fsm_setting.o
 .ARM.attributes
                0x000000000000012b       0x2d ./Core/Src/fsm_traffic.o
 .ARM.attributes
                0x0000000000000158       0x33 ./Core/Src/global.o
 .ARM.attributes
                0x000000000000018b       0x2d ./Core/Src/main.o
 .ARM.attributes
                0x00000000000001b8       0x2d ./Core/Src/software_timer.o
 .ARM.attributes
                0x00000000000001e5       0x2d ./Core/Src/stm32f1xx_hal_msp.o
 .ARM.attributes
                0x0000000000000212       0x2d ./Core/Src/stm32f1xx_it.o
 .ARM.attributes
                0x000000000000023f       0x2d ./Core/Src/system_stm32f1xx.o
 .ARM.attributes
                0x000000000000026c       0x2d ./Core/Src/traffic_2_lane.o
 .ARM.attributes
                0x0000000000000299       0x21 ./Core/Startup/startup_stm32f103c6tx.o
 .ARM.attributes
                0x00000000000002ba       0x2d ./Drivers/STM32F1xx_HAL_Driver/Src/stm32f1xx_hal.o
 .ARM.attributes
                0x00000000000002e7       0x2d ./Drivers/STM32F1xx_HAL_Driver/Src/stm32f1xx_hal_cortex.o
 .ARM.attributes
                0x0000000000000314       0x2d ./Drivers/STM32F1xx_HAL_Driver/Src/stm32f1xx_hal_gpio.o
 .ARM.attributes
                0x0000000000000341       0x2d ./Drivers/STM32F1xx_HAL_Driver/Src/stm32f1xx_hal_rcc.o
 .ARM.attributes
                0x000000000000036e       0x2d ./Drivers/STM32F1xx_HAL_Driver/Src/stm32f1xx_hal_tim.o
 .ARM.attributes
                0x000000000000039b       0x2d ./Drivers/STM32F1xx_HAL_Driver/Src/stm32f1xx_hal_tim_ex.o
 .ARM.attributes
                0x00000000000003c8       0x2d c:/st/stm32cubeide_1.7.0/stm32cubeide/plugins/com.st.stm32cube.ide.mcu.externaltools.gnu-tools-for-stm32.9-2020-q2-update.win32_2.0.0.202105311346/tools/bin/../lib/gcc/arm-none-eabi/9.3.1/../../../../arm-none-eabi/lib/thumb/v7-m/nofp\libc_nano.a(lib_a-init.o)
 .ARM.attributes
                0x00000000000003f5       0x2d c:/st/stm32cubeide_1.7.0/stm32cubeide/plugins/com.st.stm32cube.ide.mcu.externaltools.gnu-tools-for-stm32.9-2020-q2-update.win32_2.0.0.202105311346/tools/bin/../lib/gcc/arm-none-eabi/9.3.1/../../../../arm-none-eabi/lib/thumb/v7-m/nofp\libc_nano.a(lib_a-memset.o)
 .ARM.attributes
                0x0000000000000422       0x1d c:/st/stm32cubeide_1.7.0/stm32cubeide/plugins/com.st.stm32cube.ide.mcu.externaltools.gnu-tools-for-stm32.9-2020-q2-update.win32_2.0.0.202105311346/tools/bin/../lib/gcc/arm-none-eabi/9.3.1/thumb/v7-m/nofp/crtn.o
OUTPUT(STM32LAB3.elf elf32-littlearm)
LOAD linker stubs
LOAD c:/st/stm32cubeide_1.7.0/stm32cubeide/plugins/com.st.stm32cube.ide.mcu.externaltools.gnu-tools-for-stm32.9-2020-q2-update.win32_2.0.0.202105311346/tools/bin/../lib/gcc/arm-none-eabi/9.3.1/../../../../arm-none-eabi/lib/thumb/v7-m/nofp\libc.a
LOAD c:/st/stm32cubeide_1.7.0/stm32cubeide/plugins/com.st.stm32cube.ide.mcu.externaltools.gnu-tools-for-stm32.9-2020-q2-update.win32_2.0.0.202105311346/tools/bin/../lib/gcc/arm-none-eabi/9.3.1/../../../../arm-none-eabi/lib/thumb/v7-m/nofp\libm.a
LOAD c:/st/stm32cubeide_1.7.0/stm32cubeide/plugins/com.st.stm32cube.ide.mcu.externaltools.gnu-tools-for-stm32.9-2020-q2-update.win32_2.0.0.202105311346/tools/bin/../lib/gcc/arm-none-eabi/9.3.1/thumb/v7-m/nofp\libgcc.a

.debug_info     0x0000000000000000     0xa2bf
 .debug_info    0x0000000000000000      0x501 ./Core/Src/button.o
 .debug_info    0x0000000000000501      0x3dd ./Core/Src/display7SEG.o
 .debug_info    0x00000000000008de      0x304 ./Core/Src/fsm_auto.o
 .debug_info    0x0000000000000be2      0x35a ./Core/Src/fsm_manual.o
 .debug_info    0x0000000000000f3c      0x32e ./Core/Src/fsm_setting.o
 .debug_info    0x000000000000126a      0x3ae ./Core/Src/fsm_traffic.o
 .debug_info    0x0000000000001618      0x39e ./Core/Src/global.o
 .debug_info    0x00000000000019b6      0xd5a ./Core/Src/main.o
 .debug_info    0x0000000000002710      0x23b ./Core/Src/software_timer.o
 .debug_info    0x000000000000294b      0xa04 ./Core/Src/stm32f1xx_hal_msp.o
 .debug_info    0x000000000000334f      0x7b4 ./Core/Src/stm32f1xx_it.o
 .debug_info    0x0000000000003b03      0x2be ./Core/Src/system_stm32f1xx.o
 .debug_info    0x0000000000003dc1      0x329 ./Core/Src/traffic_2_lane.o
 .debug_info    0x00000000000040ea       0x22 ./Core/Startup/startup_stm32f103c6tx.o
 .debug_info    0x000000000000410c      0x74c ./Drivers/STM32F1xx_HAL_Driver/Src/stm32f1xx_hal.o
 .debug_info    0x0000000000004858      0xbbe ./Drivers/STM32F1xx_HAL_Driver/Src/stm32f1xx_hal_cortex.o
 .debug_info    0x0000000000005416      0x701 ./Drivers/STM32F1xx_HAL_Driver/Src/stm32f1xx_hal_gpio.o
 .debug_info    0x0000000000005b17      0x88e ./Drivers/STM32F1xx_HAL_Driver/Src/stm32f1xx_hal_rcc.o
 .debug_info    0x00000000000063a5     0x2a45 ./Drivers/STM32F1xx_HAL_Driver/Src/stm32f1xx_hal_tim.o
 .debug_info    0x0000000000008dea     0x14d5 ./Drivers/STM32F1xx_HAL_Driver/Src/stm32f1xx_hal_tim_ex.o

.debug_abbrev   0x0000000000000000     0x1d8a
 .debug_abbrev  0x0000000000000000      0x132 ./Core/Src/button.o
 .debug_abbrev  0x0000000000000132      0x136 ./Core/Src/display7SEG.o
 .debug_abbrev  0x0000000000000268       0xc5 ./Core/Src/fsm_auto.o
 .debug_abbrev  0x000000000000032d       0xb6 ./Core/Src/fsm_manual.o
 .debug_abbrev  0x00000000000003e3       0xc5 ./Core/Src/fsm_setting.o
 .debug_abbrev  0x00000000000004a8      0x105 ./Core/Src/fsm_traffic.o
 .debug_abbrev  0x00000000000005ad       0xa9 ./Core/Src/global.o
 .debug_abbrev  0x0000000000000656      0x248 ./Core/Src/main.o
 .debug_abbrev  0x000000000000089e      0x130 ./Core/Src/software_timer.o
 .debug_abbrev  0x00000000000009ce      0x1b7 ./Core/Src/stm32f1xx_hal_msp.o
 .debug_abbrev  0x0000000000000b85      0x176 ./Core/Src/stm32f1xx_it.o
 .debug_abbrev  0x0000000000000cfb      0x14e ./Core/Src/system_stm32f1xx.o
 .debug_abbrev  0x0000000000000e49      0x110 ./Core/Src/traffic_2_lane.o
 .debug_abbrev  0x0000000000000f59       0x12 ./Core/Startup/startup_stm32f103c6tx.o
 .debug_abbrev  0x0000000000000f6b      0x1ed ./Drivers/STM32F1xx_HAL_Driver/Src/stm32f1xx_hal.o
 .debug_abbrev  0x0000000000001158      0x313 ./Drivers/STM32F1xx_HAL_Driver/Src/stm32f1xx_hal_cortex.o
 .debug_abbrev  0x000000000000146b      0x1e8 ./Drivers/STM32F1xx_HAL_Driver/Src/stm32f1xx_hal_gpio.o
 .debug_abbrev  0x0000000000001653      0x273 ./Drivers/STM32F1xx_HAL_Driver/Src/stm32f1xx_hal_rcc.o
 .debug_abbrev  0x00000000000018c6      0x25e ./Drivers/STM32F1xx_HAL_Driver/Src/stm32f1xx_hal_tim.o
 .debug_abbrev  0x0000000000001b24      0x266 ./Drivers/STM32F1xx_HAL_Driver/Src/stm32f1xx_hal_tim_ex.o

.debug_aranges  0x0000000000000000      0xb38
 .debug_aranges
                0x0000000000000000       0x60 ./Core/Src/button.o
 .debug_aranges
                0x0000000000000060       0x38 ./Core/Src/display7SEG.o
 .debug_aranges
                0x0000000000000098       0x28 ./Core/Src/fsm_auto.o
 .debug_aranges
                0x00000000000000c0       0x20 ./Core/Src/fsm_manual.o
 .debug_aranges
                0x00000000000000e0       0x30 ./Core/Src/fsm_setting.o
 .debug_aranges
                0x0000000000000110       0x28 ./Core/Src/fsm_traffic.o
 .debug_aranges
                0x0000000000000138       0x18 ./Core/Src/global.o
 .debug_aranges
                0x0000000000000150       0x48 ./Core/Src/main.o
 .debug_aranges
                0x0000000000000198       0x30 ./Core/Src/software_timer.o
 .debug_aranges
                0x00000000000001c8       0x30 ./Core/Src/stm32f1xx_hal_msp.o
 .debug_aranges
                0x00000000000001f8       0x68 ./Core/Src/stm32f1xx_it.o
 .debug_aranges
                0x0000000000000260       0x28 ./Core/Src/system_stm32f1xx.o
 .debug_aranges
                0x0000000000000288       0x88 ./Core/Src/traffic_2_lane.o
 .debug_aranges
                0x0000000000000310       0x28 ./Core/Startup/startup_stm32f103c6tx.o
 .debug_aranges
                0x0000000000000338       0xe0 ./Drivers/STM32F1xx_HAL_Driver/Src/stm32f1xx_hal.o
 .debug_aranges
                0x0000000000000418      0x100 ./Drivers/STM32F1xx_HAL_Driver/Src/stm32f1xx_hal_cortex.o
 .debug_aranges
                0x0000000000000518       0x58 ./Drivers/STM32F1xx_HAL_Driver/Src/stm32f1xx_hal_gpio.o
 .debug_aranges
                0x0000000000000570       0x90 ./Drivers/STM32F1xx_HAL_Driver/Src/stm32f1xx_hal_rcc.o
 .debug_aranges
                0x0000000000000600      0x3d0 ./Drivers/STM32F1xx_HAL_Driver/Src/stm32f1xx_hal_tim.o
 .debug_aranges
                0x00000000000009d0      0x168 ./Drivers/STM32F1xx_HAL_Driver/Src/stm32f1xx_hal_tim_ex.o

.debug_ranges   0x0000000000000000      0x9f8
 .debug_ranges  0x0000000000000000       0x50 ./Core/Src/button.o
 .debug_ranges  0x0000000000000050       0x28 ./Core/Src/display7SEG.o
 .debug_ranges  0x0000000000000078       0x18 ./Core/Src/fsm_auto.o
 .debug_ranges  0x0000000000000090       0x10 ./Core/Src/fsm_manual.o
 .debug_ranges  0x00000000000000a0       0x20 ./Core/Src/fsm_setting.o
 .debug_ranges  0x00000000000000c0       0x18 ./Core/Src/fsm_traffic.o
 .debug_ranges  0x00000000000000d8       0x38 ./Core/Src/main.o
 .debug_ranges  0x0000000000000110       0x20 ./Core/Src/software_timer.o
 .debug_ranges  0x0000000000000130       0x20 ./Core/Src/stm32f1xx_hal_msp.o
 .debug_ranges  0x0000000000000150       0x58 ./Core/Src/stm32f1xx_it.o
 .debug_ranges  0x00000000000001a8       0x18 ./Core/Src/system_stm32f1xx.o
 .debug_ranges  0x00000000000001c0       0x78 ./Core/Src/traffic_2_lane.o
 .debug_ranges  0x0000000000000238       0x20 ./Core/Startup/startup_stm32f103c6tx.o
 .debug_ranges  0x0000000000000258       0xd0 ./Drivers/STM32F1xx_HAL_Driver/Src/stm32f1xx_hal.o
 .debug_ranges  0x0000000000000328       0xf0 ./Drivers/STM32F1xx_HAL_Driver/Src/stm32f1xx_hal_cortex.o
 .debug_ranges  0x0000000000000418       0x48 ./Drivers/STM32F1xx_HAL_Driver/Src/stm32f1xx_hal_gpio.o
 .debug_ranges  0x0000000000000460       0x80 ./Drivers/STM32F1xx_HAL_Driver/Src/stm32f1xx_hal_rcc.o
 .debug_ranges  0x00000000000004e0      0x3c0 ./Drivers/STM32F1xx_HAL_Driver/Src/stm32f1xx_hal_tim.o
 .debug_ranges  0x00000000000008a0      0x158 ./Drivers/STM32F1xx_HAL_Driver/Src/stm32f1xx_hal_tim_ex.o

.debug_macro    0x0000000000000000    0x17512
 .debug_macro   0x0000000000000000      0x1c9 ./Core/Src/button.o
 .debug_macro   0x00000000000001c9      0xa9c ./Core/Src/button.o
 .debug_macro   0x0000000000000c65      0x215 ./Core/Src/button.o
 .debug_macro   0x0000000000000e7a       0x2e ./Core/Src/button.o
 .debug_macro   0x0000000000000ea8       0x22 ./Core/Src/button.o
 .debug_macro   0x0000000000000eca       0x22 ./Core/Src/button.o
 .debug_macro   0x0000000000000eec       0x8e ./Core/Src/button.o
 .debug_macro   0x0000000000000f7a       0x51 ./Core/Src/button.o
 .debug_macro   0x0000000000000fcb      0x103 ./Core/Src/button.o
 .debug_macro   0x00000000000010ce       0x6a ./Core/Src/button.o
 .debug_macro   0x0000000000001138      0x1df ./Core/Src/button.o
 .debug_macro   0x0000000000001317       0x1c ./Core/Src/button.o
 .debug_macro   0x0000000000001333       0x22 ./Core/Src/button.o
 .debug_macro   0x0000000000001355       0xc3 ./Core/Src/button.o
 .debug_macro   0x0000000000001418      0xd23 ./Core/Src/button.o
 .debug_macro   0x000000000000213b     0xde75 ./Core/Src/button.o
 .debug_macro   0x000000000000ffb0       0x6d ./Core/Src/button.o
 .debug_macro   0x000000000001001d     0x3468 ./Core/Src/button.o
 .debug_macro   0x0000000000013485      0x174 ./Core/Src/button.o
 .debug_macro   0x00000000000135f9       0x5c ./Core/Src/button.o
 .debug_macro   0x0000000000013655      0x5be ./Core/Src/button.o
 .debug_macro   0x0000000000013c13      0x1b7 ./Core/Src/button.o
 .debug_macro   0x0000000000013dca      0x1cb ./Core/Src/button.o
 .debug_macro   0x0000000000013f95      0x114 ./Core/Src/button.o
 .debug_macro   0x00000000000140a9      0x1b2 ./Core/Src/button.o
 .debug_macro   0x000000000001425b       0x27 ./Core/Src/button.o
 .debug_macro   0x0000000000014282      0x12f ./Core/Src/button.o
 .debug_macro   0x00000000000143b1      0x1bc ./Core/Src/button.o
 .debug_macro   0x000000000001456d       0x34 ./Core/Src/button.o
 .debug_macro   0x00000000000145a1       0x3c ./Core/Src/button.o
 .debug_macro   0x00000000000145dd       0x57 ./Core/Src/button.o
 .debug_macro   0x0000000000014634       0x88 ./Core/Src/button.o
 .debug_macro   0x00000000000146bc      0x183 ./Core/Src/button.o
 .debug_macro   0x000000000001483f      0x141 ./Core/Src/button.o
 .debug_macro   0x0000000000014980      0x8d1 ./Core/Src/button.o
 .debug_macro   0x0000000000015251       0x69 ./Core/Src/button.o
 .debug_macro   0x00000000000152ba      0x154 ./Core/Src/button.o
 .debug_macro   0x000000000001540e       0x28 ./Core/Src/button.o
 .debug_macro   0x0000000000015436       0x10 ./Core/Src/button.o
 .debug_macro   0x0000000000015446      0x1ba ./Core/Src/display7SEG.o
 .debug_macro   0x0000000000015600      0x1df ./Core/Src/fsm_auto.o
 .debug_macro   0x00000000000157df       0x3a ./Core/Src/fsm_auto.o
 .debug_macro   0x0000000000015819      0x246 ./Core/Src/fsm_manual.o
 .debug_macro   0x0000000000015a5f       0x2e ./Core/Src/fsm_manual.o
 .debug_macro   0x0000000000015a8d       0x3a ./Core/Src/fsm_manual.o
 .debug_macro   0x0000000000015ac7      0x1d1 ./Core/Src/fsm_setting.o
 .debug_macro   0x0000000000015c98      0x1f4 ./Core/Src/fsm_traffic.o
 .debug_macro   0x0000000000015e8c      0x1b0 ./Core/Src/global.o
 .debug_macro   0x000000000001603c      0x252 ./Core/Src/main.o
 .debug_macro   0x000000000001628e      0x1b1 ./Core/Src/software_timer.o
 .debug_macro   0x000000000001643f      0x1a7 ./Core/Src/stm32f1xx_hal_msp.o
 .debug_macro   0x00000000000165e6      0x1b1 ./Core/Src/stm32f1xx_it.o
 .debug_macro   0x0000000000016797      0x198 ./Core/Src/system_stm32f1xx.o
 .debug_macro   0x000000000001692f      0x1b1 ./Core/Src/traffic_2_lane.o
 .debug_macro   0x0000000000016ae0      0x1bc ./Drivers/STM32F1xx_HAL_Driver/Src/stm32f1xx_hal.o
 .debug_macro   0x0000000000016c9c      0x198 ./Drivers/STM32F1xx_HAL_Driver/Src/stm32f1xx_hal_cortex.o
 .debug_macro   0x0000000000016e34      0x203 ./Drivers/STM32F1xx_HAL_Driver/Src/stm32f1xx_hal_gpio.o
 .debug_macro   0x0000000000017037      0x1aa ./Drivers/STM32F1xx_HAL_Driver/Src/stm32f1xx_hal_rcc.o
 .debug_macro   0x00000000000171e1      0x199 ./Drivers/STM32F1xx_HAL_Driver/Src/stm32f1xx_hal_tim.o
 .debug_macro   0x000000000001737a      0x198 ./Drivers/STM32F1xx_HAL_Driver/Src/stm32f1xx_hal_tim_ex.o

.debug_line     0x0000000000000000     0xd6e5
 .debug_line    0x0000000000000000      0x8b2 ./Core/Src/button.o
 .debug_line    0x00000000000008b2      0x76d ./Core/Src/display7SEG.o
 .debug_line    0x000000000000101f      0x845 ./Core/Src/fsm_auto.o
 .debug_line    0x0000000000001864      0x841 ./Core/Src/fsm_manual.o
 .debug_line    0x00000000000020a5      0x79a ./Core/Src/fsm_setting.o
 .debug_line    0x000000000000283f      0x742 ./Core/Src/fsm_traffic.o
 .debug_line    0x0000000000002f81      0x64d ./Core/Src/global.o
 .debug_line    0x00000000000035ce      0x821 ./Core/Src/main.o
 .debug_line    0x0000000000003def      0x6c3 ./Core/Src/software_timer.o
 .debug_line    0x00000000000044b2      0x6a1 ./Core/Src/stm32f1xx_hal_msp.o
 .debug_line    0x0000000000004b53      0x73f ./Core/Src/stm32f1xx_it.o
 .debug_line    0x0000000000005292      0x6e3 ./Core/Src/system_stm32f1xx.o
 .debug_line    0x0000000000005975      0x7be ./Core/Src/traffic_2_lane.o
 .debug_line    0x0000000000006133       0x87 ./Core/Startup/startup_stm32f103c6tx.o
 .debug_line    0x00000000000061ba      0x910 ./Drivers/STM32F1xx_HAL_Driver/Src/stm32f1xx_hal.o
 .debug_line    0x0000000000006aca      0xaf8 ./Drivers/STM32F1xx_HAL_Driver/Src/stm32f1xx_hal_cortex.o
 .debug_line    0x00000000000075c2      0x991 ./Drivers/STM32F1xx_HAL_Driver/Src/stm32f1xx_hal_gpio.o
 .debug_line    0x0000000000007f53      0xd1e ./Drivers/STM32F1xx_HAL_Driver/Src/stm32f1xx_hal_rcc.o
 .debug_line    0x0000000000008c71     0x326e ./Drivers/STM32F1xx_HAL_Driver/Src/stm32f1xx_hal_tim.o
 .debug_line    0x000000000000bedf     0x1806 ./Drivers/STM32F1xx_HAL_Driver/Src/stm32f1xx_hal_tim_ex.o

.debug_str      0x0000000000000000    0x826b2
 .debug_str     0x0000000000000000    0x7f8d9 ./Core/Src/button.o
                                      0x7fc2c (size before relaxing)
 .debug_str     0x000000000007f8d9       0x68 ./Core/Src/display7SEG.o
                                      0x7fb09 (size before relaxing)
 .debug_str     0x000000000007f941       0xde ./Core/Src/fsm_auto.o
                                      0x7fb38 (size before relaxing)
 .debug_str     0x000000000007fa1f      0x1a5 ./Core/Src/fsm_manual.o
                                      0x7fd54 (size before relaxing)
 .debug_str     0x000000000007fbc4       0x49 ./Core/Src/fsm_setting.o
                                      0x7fb60 (size before relaxing)
 .debug_str     0x000000000007fc0d       0x46 ./Core/Src/fsm_traffic.o
                                      0x7fc40 (size before relaxing)
 .debug_str     0x000000000007fc53       0x15 ./Core/Src/global.o
                                      0x7fa5b (size before relaxing)
 .debug_str     0x000000000007fc68      0x6df ./Core/Src/main.o
                                      0x80502 (size before relaxing)
 .debug_str     0x0000000000080347       0x50 ./Core/Src/software_timer.o
                                      0x7f96f (size before relaxing)
 .debug_str     0x0000000000080397      0x2ba ./Core/Src/stm32f1xx_hal_msp.o
                                      0x8011d (size before relaxing)
 .debug_str     0x0000000000080651       0xcd ./Core/Src/stm32f1xx_it.o
                                      0x7fe7f (size before relaxing)
 .debug_str     0x000000000008071e       0x52 ./Core/Src/system_stm32f1xx.o
                                      0x7f4eb (size before relaxing)
 .debug_str     0x0000000000080770       0xd9 ./Core/Src/traffic_2_lane.o
                                      0x7fa2d (size before relaxing)
 .debug_str     0x0000000000080849       0x36 ./Core/Startup/startup_stm32f103c6tx.o
                                         0x56 (size before relaxing)
 .debug_str     0x000000000008087f      0x304 ./Drivers/STM32F1xx_HAL_Driver/Src/stm32f1xx_hal.o
                                      0x7fb42 (size before relaxing)
 .debug_str     0x0000000000080b83      0x300 ./Drivers/STM32F1xx_HAL_Driver/Src/stm32f1xx_hal_cortex.o
                                      0x7fb4a (size before relaxing)
 .debug_str     0x0000000000080e83      0x324 ./Drivers/STM32F1xx_HAL_Driver/Src/stm32f1xx_hal_gpio.o
                                      0x7f8af (size before relaxing)
 .debug_str     0x00000000000811a7      0x24f ./Drivers/STM32F1xx_HAL_Driver/Src/stm32f1xx_hal_rcc.o
                                      0x7f8e8 (size before relaxing)
 .debug_str     0x00000000000813f6      0xdce ./Drivers/STM32F1xx_HAL_Driver/Src/stm32f1xx_hal_tim.o
                                      0x808ba (size before relaxing)
 .debug_str     0x00000000000821c4      0x4ee ./Drivers/STM32F1xx_HAL_Driver/Src/stm32f1xx_hal_tim_ex.o
                                      0x8006b (size before relaxing)

.comment        0x0000000000000000       0x53
 .comment       0x0000000000000000       0x53 ./Core/Src/button.o
                                         0x54 (size before relaxing)
 .comment       0x0000000000000053       0x54 ./Core/Src/display7SEG.o
 .comment       0x0000000000000053       0x54 ./Core/Src/fsm_auto.o
 .comment       0x0000000000000053       0x54 ./Core/Src/fsm_manual.o
 .comment       0x0000000000000053       0x54 ./Core/Src/fsm_setting.o
 .comment       0x0000000000000053       0x54 ./Core/Src/fsm_traffic.o
 .comment       0x0000000000000053       0x54 ./Core/Src/global.o
 .comment       0x0000000000000053       0x54 ./Core/Src/main.o
 .comment       0x0000000000000053       0x54 ./Core/Src/software_timer.o
 .comment       0x0000000000000053       0x54 ./Core/Src/stm32f1xx_hal_msp.o
 .comment       0x0000000000000053       0x54 ./Core/Src/stm32f1xx_it.o
 .comment       0x0000000000000053       0x54 ./Core/Src/system_stm32f1xx.o
 .comment       0x0000000000000053       0x54 ./Core/Src/traffic_2_lane.o
 .comment       0x0000000000000053       0x54 ./Drivers/STM32F1xx_HAL_Driver/Src/stm32f1xx_hal.o
 .comment       0x0000000000000053       0x54 ./Drivers/STM32F1xx_HAL_Driver/Src/stm32f1xx_hal_cortex.o
 .comment       0x0000000000000053       0x54 ./Drivers/STM32F1xx_HAL_Driver/Src/stm32f1xx_hal_gpio.o
 .comment       0x0000000000000053       0x54 ./Drivers/STM32F1xx_HAL_Driver/Src/stm32f1xx_hal_rcc.o
 .comment       0x0000000000000053       0x54 ./Drivers/STM32F1xx_HAL_Driver/Src/stm32f1xx_hal_tim.o
 .comment       0x0000000000000053       0x54 ./Drivers/STM32F1xx_HAL_Driver/Src/stm32f1xx_hal_tim_ex.o

.debug_frame    0x0000000000000000     0x2acc
 .debug_frame   0x0000000000000000      0x124 ./Core/Src/button.o
 .debug_frame   0x0000000000000124       0xa8 ./Core/Src/display7SEG.o
 .debug_frame   0x00000000000001cc       0x48 ./Core/Src/fsm_auto.o
 .debug_frame   0x0000000000000214       0x2c ./Core/Src/fsm_manual.o
 .debug_frame   0x0000000000000240       0x64 ./Core/Src/fsm_setting.o
 .debug_frame   0x00000000000002a4       0x48 ./Core/Src/fsm_traffic.o
 .debug_frame   0x00000000000002ec       0xd4 ./Core/Src/main.o
 .debug_frame   0x00000000000003c0       0x7c ./Core/Src/software_timer.o
 .debug_frame   0x000000000000043c       0x80 ./Core/Src/stm32f1xx_hal_msp.o
 .debug_frame   0x00000000000004bc      0x120 ./Core/Src/stm32f1xx_it.o
 .debug_frame   0x00000000000005dc       0x58 ./Core/Src/system_stm32f1xx.o
 .debug_frame   0x0000000000000634      0x198 ./Core/Src/traffic_2_lane.o
 .debug_frame   0x00000000000007cc      0x334 ./Drivers/STM32F1xx_HAL_Driver/Src/stm32f1xx_hal.o
 .debug_frame   0x0000000000000b00      0x428 ./Drivers/STM32F1xx_HAL_Driver/Src/stm32f1xx_hal_cortex.o
 .debug_frame   0x0000000000000f28      0x14c ./Drivers/STM32F1xx_HAL_Driver/Src/stm32f1xx_hal_gpio.o
 .debug_frame   0x0000000000001074      0x21c ./Drivers/STM32F1xx_HAL_Driver/Src/stm32f1xx_hal_rcc.o
 .debug_frame   0x0000000000001290     0x11b8 ./Drivers/STM32F1xx_HAL_Driver/Src/stm32f1xx_hal_tim.o
 .debug_frame   0x0000000000002448      0x638 ./Drivers/STM32F1xx_HAL_Driver/Src/stm32f1xx_hal_tim_ex.o
 .debug_frame   0x0000000000002a80       0x2c c:/st/stm32cubeide_1.7.0/stm32cubeide/plugins/com.st.stm32cube.ide.mcu.externaltools.gnu-tools-for-stm32.9-2020-q2-update.win32_2.0.0.202105311346/tools/bin/../lib/gcc/arm-none-eabi/9.3.1/../../../../arm-none-eabi/lib/thumb/v7-m/nofp\libc_nano.a(lib_a-init.o)
 .debug_frame   0x0000000000002aac       0x20 c:/st/stm32cubeide_1.7.0/stm32cubeide/plugins/com.st.stm32cube.ide.mcu.externaltools.gnu-tools-for-stm32.9-2020-q2-update.win32_2.0.0.202105311346/tools/bin/../lib/gcc/arm-none-eabi/9.3.1/../../../../arm-none-eabi/lib/thumb/v7-m/nofp\libc_nano.a(lib_a-memset.o)
