traffic_2_lane.c:3:6:red_1	8	static
traffic_2_lane.c:9:6:green_1	8	static
traffic_2_lane.c:15:6:yellow_1	8	static
traffic_2_lane.c:21:6:red_2	8	static
traffic_2_lane.c:27:6:green_2	8	static
traffic_2_lane.c:33:6:yellow_2	8	static
traffic_2_lane.c:45:6:off_lane1	8	static
traffic_2_lane.c:50:6:off_lane2	8	static
traffic_2_lane.c:61:6:off_redgreen_lane1	8	static
traffic_2_lane.c:65:6:off_redyellow_lane1	8	static
traffic_2_lane.c:69:6:off_greenyellow_lane1	8	static
traffic_2_lane.c:79:6:off_redgreen_lane2	8	static
traffic_2_lane.c:83:6:off_redyellow_lane2	8	static
traffic_2_lane.c:87:6:off_greenyellow_lane2	8	static
